{
  "status": "COMPLETE",
  "model": "jev",
  "dataset": "/home/liuyeqiang/WWW_jev_phase5_runtime/20261007/match_training_legacy/compact",
  "state_dim": 64,
  "seed": 20261003,
  "splits": {
    "train": 1703,
    "val": 2600,
    "test": 0
  },
  "history": [
    {
      "epoch": 1,
      "train_loss": 1.0882633759285238,
      "val": {
        "records": 2600,
        "nll": 1.0715804698146307,
        "brier": 0.018801302507770463,
        "ece": 0.5872769739994637,
        "best_action_accuracy": 0.9996153846153846,
        "weighted_records": 2600.0,
        "ignored_uninformative_records": 0,
        "by_question": {
          "MATCH_DECISION": {
            "records": 2600,
            "accuracy": 0.9996153846153846
          }
        }
      }
    },
    {
      "epoch": 2,
      "train_loss": 1.0827049921347125,
      "val": {
        "records": 2600,
        "nll": 1.069623593367063,
        "brier": 0.017968894966921094,
        "ece": 0.5860588091955735,
        "best_action_accuracy": 0.9996153846153846,
        "weighted_records": 2600.0,
        "ignored_uninformative_records": 0,
        "by_question": {
          "MATCH_DECISION": {
            "records": 2600,
            "accuracy": 0.9996153846153846
          }
        }
      }
    },
    {
      "epoch": 3,
      "train_loss": 1.0820011181195763,
      "val": {
        "records": 2600,
        "nll": 1.0670084131222506,
        "brier": 0.01677387321721863,
        "ece": 0.5930431890487672,
        "best_action_accuracy": 0.9992307692307693,
        "weighted_records": 2600.0,
        "ignored_uninformative_records": 0,
        "by_question": {
          "MATCH_DECISION": {
            "records": 2600,
            "accuracy": 0.9992307692307693
          }
        }
      }
    },
    {
      "epoch": 4,
      "train_loss": 1.080716726224141,
      "val": {
        "records": 2600,
        "nll": 1.064752921301585,
        "brier": 0.01616112720540273,
        "ece": 0.5940630512283398,
        "best_action_accuracy": 0.9996153846153846,
        "weighted_records": 2600.0,
        "ignored_uninformative_records": 0,
        "by_question": {
          "MATCH_DECISION": {
            "records": 2600,
            "accuracy": 0.9996153846153846
          }
        }
      }
    },
    {
      "epoch": 5,
      "train_loss": 1.0803449048900773,
      "val": {
        "records": 2600,
        "nll": 1.0631134353463467,
        "brier": 0.015400527011526999,
        "ece": 0.588741450034655,
        "best_action_accuracy": 0.9996153846153846,
        "weighted_records": 2600.0,
        "ignored_uninformative_records": 0,
        "by_question": {
          "MATCH_DECISION": {
            "records": 2600,
            "accuracy": 0.9996153846153846
          }
        }
      }
    },
    {
      "epoch": 6,
      "train_loss": 1.0797763094787238,
      "val": {
        "records": 2600,
        "nll": 1.0664912368930304,
        "brier": 0.016827800918567497,
        "ece": 0.5980312453210354,
        "best_action_accuracy": 0.9996153846153846,
        "weighted_records": 2600.0,
        "ignored_uninformative_records": 0,
        "by_question": {
          "MATCH_DECISION": {
            "records": 2600,
            "accuracy": 0.9996153846153846
          }
        }
      }
    },
    {
      "epoch": 7,
      "train_loss": 1.080251463496958,
      "val": {
        "records": 2600,
        "nll": 1.0621869525313377,
        "brier": 0.015340847743209452,
        "ece": 0.5964635256849802,
        "best_action_accuracy": 0.9992307692307693,
        "weighted_records": 2600.0,
        "ignored_uninformative_records": 0,
        "by_question": {
          "MATCH_DECISION": {
            "records": 2600,
            "accuracy": 0.9992307692307693
          }
        }
      }
    },
    {
      "epoch": 8,
      "train_loss": 1.0795233667561817,
      "val": {
        "records": 2600,
        "nll": 1.0622683533109152,
        "brier": 0.015355462677286526,
        "ece": 0.5961473937218005,
        "best_action_accuracy": 0.9996153846153846,
        "weighted_records": 2600.0,
        "ignored_uninformative_records": 0,
        "by_question": {
          "MATCH_DECISION": {
            "records": 2600,
            "accuracy": 0.9996153846153846
          }
        }
      }
    },
    {
      "epoch": 9,
      "train_loss": 1.080451571724377,
      "val": {
        "records": 2600,
        "nll": 1.0641625124903826,
        "brier": 0.016666778118171632,
        "ece": 0.6114188473041242,
        "best_action_accuracy": 0.9996153846153846,
        "weighted_records": 2600.0,
        "ignored_uninformative_records": 0,
        "by_question": {
          "MATCH_DECISION": {
            "records": 2600,
            "accuracy": 0.9996153846153846
          }
        }
      }
    },
    {
      "epoch": 10,
      "train_loss": 1.0797912759495285,
      "val": {
        "records": 2600,
        "nll": 1.0628909226335013,
        "brier": 0.015981235331429127,
        "ece": 0.5938897632635556,
        "best_action_accuracy": 0.9996153846153846,
        "weighted_records": 2600.0,
        "ignored_uninformative_records": 0,
        "by_question": {
          "MATCH_DECISION": {
            "records": 2600,
            "accuracy": 0.9996153846153846
          }
        }
      }
    },
    {
      "epoch": 11,
      "train_loss": 1.0792880492985983,
      "val": {
        "records": 2600,
        "nll": 1.062838051021099,
        "brier": 0.0154572702153606,
        "ece": 0.5868265714209813,
        "best_action_accuracy": 0.9996153846153846,
        "weighted_records": 2600.0,
        "ignored_uninformative_records": 0,
        "by_question": {
          "MATCH_DECISION": {
            "records": 2600,
            "accuracy": 0.9996153846153846
          }
        }
      }
    },
    {
      "epoch": 12,
      "train_loss": 1.078795809152192,
      "val": {
        "records": 2600,
        "nll": 1.061124403660114,
        "brier": 0.014979699557134154,
        "ece": 0.5802522470286259,
        "best_action_accuracy": 0.9996153846153846,
        "weighted_records": 2600.0,
        "ignored_uninformative_records": 0,
        "by_question": {
          "MATCH_DECISION": {
            "records": 2600,
            "accuracy": 0.9996153846153846
          }
        }
      }
    },
    {
      "epoch": 13,
      "train_loss": 1.0784389823587657,
      "val": {
        "records": 2600,
        "nll": 1.0617608323464027,
        "brier": 0.015441942061051333,
        "ece": 0.5985622925483264,
        "best_action_accuracy": 0.9996153846153846,
        "weighted_records": 2600.0,
        "ignored_uninformative_records": 0,
        "by_question": {
          "MATCH_DECISION": {
            "records": 2600,
            "accuracy": 0.9996153846153846
          }
        }
      }
    },
    {
      "epoch": 14,
      "train_loss": 1.0787760957296777,
      "val": {
        "records": 2600,
        "nll": 1.0724008014798165,
        "brier": 0.02006372929688391,
        "ece": 0.6175953881442547,
        "best_action_accuracy": 0.9996153846153846,
        "weighted_records": 2600.0,
        "ignored_uninformative_records": 0,
        "by_question": {
          "MATCH_DECISION": {
            "records": 2600,
            "accuracy": 0.9996153846153846
          }
        }
      }
    },
    {
      "epoch": 15,
      "train_loss": 1.0807278279479784,
      "val": {
        "records": 2600,
        "nll": 1.0608871082846936,
        "brier": 0.01498982060801399,
        "ece": 0.5869097810754409,
        "best_action_accuracy": 0.9996153846153846,
        "weighted_records": 2600.0,
        "ignored_uninformative_records": 0,
        "by_question": {
          "MATCH_DECISION": {
            "records": 2600,
            "accuracy": 0.9996153846153846
          }
        }
      }
    },
    {
      "epoch": 16,
      "train_loss": 1.0788023678331045,
      "val": {
        "records": 2600,
        "nll": 1.062098230467393,
        "brier": 0.01581996823952907,
        "ece": 0.5787589018161481,
        "best_action_accuracy": 0.9761538461538461,
        "weighted_records": 2600.0,
        "ignored_uninformative_records": 0,
        "by_question": {
          "MATCH_DECISION": {
            "records": 2600,
            "accuracy": 0.9761538461538461
          }
        }
      }
    },
    {
      "epoch": 17,
      "train_loss": 1.0786162366323868,
      "val": {
        "records": 2600,
        "nll": 1.0617677039137254,
        "brier": 0.015482031403707441,
        "ece": 0.5680672882955808,
        "best_action_accuracy": 0.9996153846153846,
        "weighted_records": 2600.0,
        "ignored_uninformative_records": 0,
        "by_question": {
          "MATCH_DECISION": {
            "records": 2600,
            "accuracy": 0.9996153846153846
          }
        }
      }
    },
    {
      "epoch": 18,
      "train_loss": 1.0778998149120311,
      "val": {
        "records": 2600,
        "nll": 1.0611642227952296,
        "brier": 0.014965996671859242,
        "ece": 0.5833567222265096,
        "best_action_accuracy": 0.9996153846153846,
        "weighted_records": 2600.0,
        "ignored_uninformative_records": 0,
        "by_question": {
          "MATCH_DECISION": {
            "records": 2600,
            "accuracy": 0.9996153846153846
          }
        }
      }
    },
    {
      "epoch": 19,
      "train_loss": 1.0790538918041022,
      "val": {
        "records": 2600,
        "nll": 1.0619986012119513,
        "brier": 0.015318611276172586,
        "ece": 0.5783771099494053,
        "best_action_accuracy": 0.9861538461538462,
        "weighted_records": 2600.0,
        "ignored_uninformative_records": 0,
        "by_question": {
          "MATCH_DECISION": {
            "records": 2600,
            "accuracy": 0.9861538461538462
          }
        }
      }
    },
    {
      "epoch": 20,
      "train_loss": 1.0772692525099812,
      "val": {
        "records": 2600,
        "nll": 1.0607360982207152,
        "brier": 0.015002420429557857,
        "ece": 0.5934553917783957,
        "best_action_accuracy": 0.9957692307692307,
        "weighted_records": 2600.0,
        "ignored_uninformative_records": 0,
        "by_question": {
          "MATCH_DECISION": {
            "records": 2600,
            "accuracy": 0.9957692307692307
          }
        }
      }
    }
  ],
  "test": {
    "records": 0
  },
  "future_gt_used_by_model": false,
  "compact_dataset": true
}
{
  "status": "PASS",
  "calibration_fit": "policy_val_only",
  "dataset": "/home/liuyeqiang/WWW_jev_phase5_runtime/20261007/match_training_legacy/compact",
  "dataset_manifest_sha256": "dd19e4eedccbaabd3be0fc4900369c8a2d7b2363b894b9cece68b5e5853eb26f",
  "checkpoint": "/home/liuyeqiang/WWW_jev_phase5_runtime/20261007/minimal_training/B1/model.pth",
  "checkpoint_sha256": "e9335a9cd77c02cef2ac7d72f669b656c75e17419fd1f26d0fbe2034db0b8045",
  "policy_split": "/home/liuyeqiang/WWW_jev_phase5_runtime/20261007/match_training_legacy/policy_split.json",
  "validation_records": 2600,
  "weighted_validation_records": 2600.0,
  "temperature": 0.7821058967646013,
  "before": {
    "records": 2600,
    "weighted_records": 2600.0,
    "nll": 1.060736091308408,
    "brier": 0.015002419331344224,
    "ece": 0.5934553724298111,
    "best_action_accuracy": 0.9957692307692307
  },
  "after": {
    "records": 2600,
    "weighted_records": 2600.0,
    "nll": 1.0595130264127417,
    "brier": 0.0145125655023861,
    "ece": 0.5759819125556027,
    "best_action_accuracy": 0.9957692307692307
  },
  "official_test_read": false
}
{"status": "COMPLETE", "condition": "B1"}
