{
  "status": "COMPLETE",
  "model": "jev",
  "dataset": "/home/liuyeqiang/WWW_jev_phase5_runtime/20261007/match_training/compact",
  "state_dim": 64,
  "seed": 20261003,
  "splits": {
    "train": 1703,
    "val": 2600,
    "test": 0
  },
  "history": [
    {
      "epoch": 1,
      "train_loss": 1.0873133893301399,
      "val": {
        "records": 2600,
        "nll": 1.0705311646140538,
        "brier": 0.01921335790511106,
        "ece": 0.5880983876494261,
        "best_action_accuracy": 0.9992307692307693,
        "weighted_records": 2600.0,
        "ignored_uninformative_records": 0,
        "by_question": {
          "MATCH_DECISION": {
            "records": 2600,
            "accuracy": 0.9992307692307693
          }
        }
      }
    },
    {
      "epoch": 2,
      "train_loss": 1.082320220387829,
      "val": {
        "records": 2600,
        "nll": 1.0673926694576557,
        "brier": 0.017598594073799458,
        "ece": 0.5838347063385524,
        "best_action_accuracy": 0.9996153846153846,
        "weighted_records": 2600.0,
        "ignored_uninformative_records": 0,
        "by_question": {
          "MATCH_DECISION": {
            "records": 2600,
            "accuracy": 0.9996153846153846
          }
        }
      }
    },
    {
      "epoch": 3,
      "train_loss": 1.0814432920040415,
      "val": {
        "records": 2600,
        "nll": 1.0648848115710112,
        "brier": 0.016604457833202385,
        "ece": 0.5902681547174087,
        "best_action_accuracy": 0.9992307692307693,
        "weighted_records": 2600.0,
        "ignored_uninformative_records": 0,
        "by_question": {
          "MATCH_DECISION": {
            "records": 2600,
            "accuracy": 0.9992307692307693
          }
        }
      }
    },
    {
      "epoch": 4,
      "train_loss": 1.0804692980687336,
      "val": {
        "records": 2600,
        "nll": 1.0628145051002502,
        "brier": 0.01591908009027695,
        "ece": 0.5862239019916609,
        "best_action_accuracy": 0.9996153846153846,
        "weighted_records": 2600.0,
        "ignored_uninformative_records": 0,
        "by_question": {
          "MATCH_DECISION": {
            "records": 2600,
            "accuracy": 0.9996153846153846
          }
        }
      }
    },
    {
      "epoch": 5,
      "train_loss": 1.0802563344879286,
      "val": {
        "records": 2600,
        "nll": 1.061733556137635,
        "brier": 0.015538761765798811,
        "ece": 0.5889563009028251,
        "best_action_accuracy": 0.9992307692307693,
        "weighted_records": 2600.0,
        "ignored_uninformative_records": 0,
        "by_question": {
          "MATCH_DECISION": {
            "records": 2600,
            "accuracy": 0.9992307692307693
          }
        }
      }
    },
    {
      "epoch": 6,
      "train_loss": 1.0800972894157863,
      "val": {
        "records": 2600,
        "nll": 1.0637293646427302,
        "brier": 0.01628688250107818,
        "ece": 0.593988544849249,
        "best_action_accuracy": 0.9992307692307693,
        "weighted_records": 2600.0,
        "ignored_uninformative_records": 0,
        "by_question": {
          "MATCH_DECISION": {
            "records": 2600,
            "accuracy": 0.9992307692307693
          }
        }
      }
    },
    {
      "epoch": 7,
      "train_loss": 1.0798971127987749,
      "val": {
        "records": 2600,
        "nll": 1.060535413668706,
        "brier": 0.015242647029612831,
        "ece": 0.5886745947943284,
        "best_action_accuracy": 0.9988461538461538,
        "weighted_records": 2600.0,
        "ignored_uninformative_records": 0,
        "by_question": {
          "MATCH_DECISION": {
            "records": 2600,
            "accuracy": 0.9988461538461538
          }
        }
      }
    },
    {
      "epoch": 8,
      "train_loss": 1.0792247353059294,
      "val": {
        "records": 2600,
        "nll": 1.0606167410887204,
        "brier": 0.015329313889070852,
        "ece": 0.5919772105950575,
        "best_action_accuracy": 0.9984615384615385,
        "weighted_records": 2600.0,
        "ignored_uninformative_records": 0,
        "by_question": {
          "MATCH_DECISION": {
            "records": 2600,
            "accuracy": 0.9984615384615385
          }
        }
      }
    },
    {
      "epoch": 9,
      "train_loss": 1.080220699100304,
      "val": {
        "records": 2600,
        "nll": 1.0626863149954722,
        "brier": 0.016652179905236503,
        "ece": 0.607916040684168,
        "best_action_accuracy": 0.9980769230769231,
        "weighted_records": 2600.0,
        "ignored_uninformative_records": 0,
        "by_question": {
          "MATCH_DECISION": {
            "records": 2600,
            "accuracy": 0.9980769230769231
          }
        }
      }
    },
    {
      "epoch": 10,
      "train_loss": 1.0795413254991533,
      "val": {
        "records": 2600,
        "nll": 1.060046603519183,
        "brier": 0.015073427348431253,
        "ece": 0.5790125393867492,
        "best_action_accuracy": 0.9988461538461538,
        "weighted_records": 2600.0,
        "ignored_uninformative_records": 0,
        "by_question": {
          "MATCH_DECISION": {
            "records": 2600,
            "accuracy": 0.9988461538461538
          }
        }
      }
    },
    {
      "epoch": 11,
      "train_loss": 1.0794593324678055,
      "val": {
        "records": 2600,
        "nll": 1.0620529970755943,
        "brier": 0.01599608501369053,
        "ece": 0.5848498268196216,
        "best_action_accuracy": 0.9980769230769231,
        "weighted_records": 2600.0,
        "ignored_uninformative_records": 0,
        "by_question": {
          "MATCH_DECISION": {
            "records": 2600,
            "accuracy": 0.9980769230769231
          }
        }
      }
    },
    {
      "epoch": 12,
      "train_loss": 1.0791312300731908,
      "val": {
        "records": 2600,
        "nll": 1.0597438975480886,
        "brier": 0.015059775663114403,
        "ece": 0.5827836750103877,
        "best_action_accuracy": 0.9980769230769231,
        "weighted_records": 2600.0,
        "ignored_uninformative_records": 0,
        "by_question": {
          "MATCH_DECISION": {
            "records": 2600,
            "accuracy": 0.9980769230769231
          }
        }
      }
    },
    {
      "epoch": 13,
      "train_loss": 1.078526447257503,
      "val": {
        "records": 2600,
        "nll": 1.0606298983555573,
        "brier": 0.01551282812721743,
        "ece": 0.5928507121251179,
        "best_action_accuracy": 0.9980769230769231,
        "weighted_records": 2600.0,
        "ignored_uninformative_records": 0,
        "by_question": {
          "MATCH_DECISION": {
            "records": 2600,
            "accuracy": 0.9980769230769231
          }
        }
      }
    },
    {
      "epoch": 14,
      "train_loss": 1.0789471020505348,
      "val": {
        "records": 2600,
        "nll": 1.0687272237126644,
        "brier": 0.01890234690818173,
        "ece": 0.6085069645712008,
        "best_action_accuracy": 0.9984615384615385,
        "weighted_records": 2600.0,
        "ignored_uninformative_records": 0,
        "by_question": {
          "MATCH_DECISION": {
            "records": 2600,
            "accuracy": 0.9984615384615385
          }
        }
      }
    },
    {
      "epoch": 15,
      "train_loss": 1.0809330929746646,
      "val": {
        "records": 2600,
        "nll": 1.0598386200803978,
        "brier": 0.01517246025447653,
        "ece": 0.5880350869779404,
        "best_action_accuracy": 0.9980769230769231,
        "weighted_records": 2600.0,
        "ignored_uninformative_records": 0,
        "by_question": {
          "MATCH_DECISION": {
            "records": 2600,
            "accuracy": 0.9980769230769231
          }
        }
      }
    },
    {
      "epoch": 16,
      "train_loss": 1.0793737288579757,
      "val": {
        "records": 2600,
        "nll": 1.0605101490708497,
        "brier": 0.015556722561766666,
        "ece": 0.5827253771057496,
        "best_action_accuracy": 0.9984615384615385,
        "weighted_records": 2600.0,
        "ignored_uninformative_records": 0,
        "by_question": {
          "MATCH_DECISION": {
            "records": 2600,
            "accuracy": 0.9984615384615385
          }
        }
      }
    },
    {
      "epoch": 17,
      "train_loss": 1.0791730969636775,
      "val": {
        "records": 2600,
        "nll": 1.0613231977820397,
        "brier": 0.01581758158809403,
        "ece": 0.5680753281254035,
        "best_action_accuracy": 0.9984615384615385,
        "weighted_records": 2600.0,
        "ignored_uninformative_records": 0,
        "by_question": {
          "MATCH_DECISION": {
            "records": 2600,
            "accuracy": 0.9984615384615385
          }
        }
      }
    },
    {
      "epoch": 18,
      "train_loss": 1.0792168310230366,
      "val": {
        "records": 2600,
        "nll": 1.0599646210211975,
        "brier": 0.015269151694360166,
        "ece": 0.5900219795222467,
        "best_action_accuracy": 0.9980769230769231,
        "weighted_records": 2600.0,
        "ignored_uninformative_records": 0,
        "by_question": {
          "MATCH_DECISION": {
            "records": 2600,
            "accuracy": 0.9980769230769231
          }
        }
      }
    },
    {
      "epoch": 19,
      "train_loss": 1.0793046895294278,
      "val": {
        "records": 2600,
        "nll": 1.0608601032770597,
        "brier": 0.015473629683055361,
        "ece": 0.5910132065873879,
        "best_action_accuracy": 0.9984615384615385,
        "weighted_records": 2600.0,
        "ignored_uninformative_records": 0,
        "by_question": {
          "MATCH_DECISION": {
            "records": 2600,
            "accuracy": 0.9984615384615385
          }
        }
      }
    },
    {
      "epoch": 20,
      "train_loss": 1.078036299958624,
      "val": {
        "records": 2600,
        "nll": 1.060505113028563,
        "brier": 0.015569024303232743,
        "ece": 0.5960973476561217,
        "best_action_accuracy": 0.9973076923076923,
        "weighted_records": 2600.0,
        "ignored_uninformative_records": 0,
        "by_question": {
          "MATCH_DECISION": {
            "records": 2600,
            "accuracy": 0.9973076923076923
          }
        }
      }
    }
  ],
  "test": {
    "records": 0
  },
  "future_gt_used_by_model": false,
  "compact_dataset": true
}
{
  "status": "PASS",
  "calibration_fit": "policy_val_only",
  "dataset": "/home/liuyeqiang/WWW_jev_phase5_runtime/20261007/match_training/compact",
  "dataset_manifest_sha256": "552fd6682e2f1ea2c2172c4393798b4caba7b4a9d1f510ae37758db8f4022392",
  "checkpoint": "/home/liuyeqiang/WWW_jev_phase5_runtime/20261007/minimal_training/B2/model.pth",
  "checkpoint_sha256": "cdc02b4d0fd211dad4067900e5feb56af8114be2b71f5cfdb7bb88d958252c95",
  "policy_split": "/home/liuyeqiang/WWW_jev_phase5_runtime/20261007/match_training/policy_split.json",
  "validation_records": 2600,
  "weighted_validation_records": 2600.0,
  "temperature": 0.7594815002713704,
  "before": {
    "records": 2600,
    "weighted_records": 2600.0,
    "nll": 1.060505108484334,
    "brier": 0.01556902413613883,
    "ece": 0.5960973471517745,
    "best_action_accuracy": 0.9973076923076923
  },
  "after": {
    "records": 2600,
    "weighted_records": 2600.0,
    "nll": 1.0589150874114057,
    "brier": 0.014879326930306325,
    "ece": 0.5765760889993264,
    "best_action_accuracy": 0.9973076923076923
  },
  "official_test_read": false
}
{"status": "COMPLETE", "condition": "B2"}
